// Jest Snapshot v1, https://goo.gl/fbAQLP

exports[`render with counter 1`] = `
<View
  style={{}}
>
  <Text
    style={
      [
        {
          "color": "#000",
        },
        {
          "fontFamily": "SatoshiRegular",
        },
      ]
    }
  >
    Resend code in
  </Text>
  00:34
</View>
`;

exports[`render without counter 1`] = `
<View
  accessibilityState={
    {
      "busy": undefined,
      "checked": undefined,
      "disabled": undefined,
      "expanded": undefined,
      "selected": undefined,
    }
  }
  accessibilityValue={
    {
      "max": undefined,
      "min": undefined,
      "now": undefined,
      "text": undefined,
    }
  }
  accessible={true}
  collapsable={false}
  focusable={true}
  onBlur={[Function]}
  onClick={[Function]}
  onFocus={[Function]}
  onResponderGrant={[Function]}
  onResponderMove={[Function]}
  onResponderRelease={[Function]}
  onResponderTerminate={[Function]}
  onResponderTerminationRequest={[Function]}
  onStartShouldSetResponder={[Function]}
>
  <Text
    style={
      [
        {
          "color": "#000",
        },
        {
          "fontFamily": "SatoshiRegular",
          "paddingTop": 12,
        },
      ]
    }
  >
    Resend code
  </Text>
</View>
`;
